
Machine Name:: FS-DEV-SAFDAR
User Name   :: Safdar
OS Version  :: Microsoft Windows NT 6.2.9200.0
Date Time   :: 18 Aug 16 02:11:49
Exception Information:
System.Threading.ThreadAbortException: Thread was being aborted.
   at System.Threading.Thread.AbortInternal()
   at System.Threading.Thread.Abort(Object stateInfo)
   at System.Web.HttpResponse.AbortCurrentThread()
   at System.Web.HttpResponse.End()
   at Forms_Default.Page_Load(Object sender, EventArgs e) in f:\My App\Southern Distribution\SAMS\SAMS\Forms\Default.aspx.cs:line 25
: ----------------------------------
Machine Name:: FS-DEV-SAFDAR
User Name   :: Safdar
OS Version  :: Microsoft Windows NT 6.2.9200.0
Date Time   :: 18 Aug 16 02:37:16
Exception Information:
System.Data.SqlClient.SqlException (0x80131904): Could not find stored procedure 'rptDailyLoadPass_Report'.
   at SAMSDatabaseLayer.Classes.rptDailyLoadPass_Report.ExecuteTable() in F:\My App\Southern Distribution\SAMS\SAMSDatabaseLayer\InputClasses\rptDailyLoadPass_Report.cs:line 201
   at SAMSBusinessLayer.Classes.RptSaleController.DailyLoadFormReport(Int32 p_Distributor_ID, Int32 p_Principal_Id, Int32 p_SaleForce_Id, DateTime FromDocDate, DateTime ToDocDate, Int32 p_OrderBooker_ID) in F:\My App\Southern Distribution\SAMS\SAMSBusinessLayer\Classes\RptSaleController.cs:line 1855
ClientConnectionId:6a29bc80-4f62-4be8-a8e3-57a09be44117
Error Number:2812,State:62,Class:16
: ----------------------------------
Machine Name:: FS-DEV-SAFDAR
User Name   :: Safdar
OS Version  :: Microsoft Windows NT 6.2.9200.0
Date Time   :: 18 Aug 16 02:37:17
Exception Information:
System.Data.SqlClient.SqlException (0x80131904): Could not find stored procedure 'rptDailyLoadPass_ReportTitle'.
   at SAMSDatabaseLayer.Classes.rptDailyLoadPass_ReportTitle.ExecuteTable() in F:\My App\Southern Distribution\SAMS\SAMSDatabaseLayer\ReportClasses\rptDailyLoadPass_ReportTitle.cs:line 207
   at SAMSBusinessLayer.Classes.RptSaleController.DailyLoadPassReportTitle(Int32 p_Distributor_ID, Int32 p_Principal_Id, Int32 p_SaleForce_Id, DateTime FromDocDate, DateTime ToDocDate, Int32 p_OrderBooker_ID) in F:\My App\Southern Distribution\SAMS\SAMSBusinessLayer\Classes\RptSaleController.cs:line 1897
ClientConnectionId:6a29bc80-4f62-4be8-a8e3-57a09be44117
Error Number:2812,State:62,Class:16
: ----------------------------------
Machine Name:: FS-DEV-SAFDAR
User Name   :: Safdar
OS Version  :: Microsoft Windows NT 6.2.9200.0
Date Time   :: 18 Aug 16 02:38:43
Exception Information:
System.Data.SqlClient.SqlException (0x80131904): Could not find stored procedure 'rptDailyLoadPass_Report'.
   at SAMSDatabaseLayer.Classes.rptDailyLoadPass_Report.ExecuteTable() in F:\My App\Southern Distribution\SAMS\SAMSDatabaseLayer\InputClasses\rptDailyLoadPass_Report.cs:line 201
   at SAMSBusinessLayer.Classes.RptSaleController.DailyLoadFormReport(Int32 p_Distributor_ID, Int32 p_Principal_Id, Int32 p_SaleForce_Id, DateTime FromDocDate, DateTime ToDocDate, Int32 p_OrderBooker_ID) in F:\My App\Southern Distribution\SAMS\SAMSBusinessLayer\Classes\RptSaleController.cs:line 1855
ClientConnectionId:6a29bc80-4f62-4be8-a8e3-57a09be44117
Error Number:2812,State:62,Class:16
: ----------------------------------
Machine Name:: FS-DEV-SAFDAR
User Name   :: Safdar
OS Version  :: Microsoft Windows NT 6.2.9200.0
Date Time   :: 18 Aug 16 02:38:43
Exception Information:
System.Data.SqlClient.SqlException (0x80131904): Could not find stored procedure 'rptDailyLoadPass_ReportTitle'.
   at SAMSDatabaseLayer.Classes.rptDailyLoadPass_ReportTitle.ExecuteTable() in F:\My App\Southern Distribution\SAMS\SAMSDatabaseLayer\ReportClasses\rptDailyLoadPass_ReportTitle.cs:line 207
   at SAMSBusinessLayer.Classes.RptSaleController.DailyLoadPassReportTitle(Int32 p_Distributor_ID, Int32 p_Principal_Id, Int32 p_SaleForce_Id, DateTime FromDocDate, DateTime ToDocDate, Int32 p_OrderBooker_ID) in F:\My App\Southern Distribution\SAMS\SAMSBusinessLayer\Classes\RptSaleController.cs:line 1897
ClientConnectionId:6a29bc80-4f62-4be8-a8e3-57a09be44117
Error Number:2812,State:62,Class:16
: ----------------------------------
Machine Name:: FS-DEV-SAFDAR
User Name   :: Safdar
OS Version  :: Microsoft Windows NT 6.2.9200.0
Date Time   :: 18 Aug 16 02:41:58
Exception Information:
System.Data.SqlClient.SqlException (0x80131904): Could not find stored procedure 'rptDailyLoadPass_Report'.
   at SAMSDatabaseLayer.Classes.rptDailyLoadPass_Report.ExecuteTable() in F:\My App\Southern Distribution\SAMS\SAMSDatabaseLayer\InputClasses\rptDailyLoadPass_Report.cs:line 201
   at SAMSBusinessLayer.Classes.RptSaleController.DailyLoadFormReport(Int32 p_Distributor_ID, Int32 p_Principal_Id, Int32 p_SaleForce_Id, DateTime FromDocDate, DateTime ToDocDate, Int32 p_OrderBooker_ID) in F:\My App\Southern Distribution\SAMS\SAMSBusinessLayer\Classes\RptSaleController.cs:line 1855
ClientConnectionId:6a29bc80-4f62-4be8-a8e3-57a09be44117
Error Number:2812,State:62,Class:16
: ----------------------------------
Machine Name:: FS-DEV-SAFDAR
User Name   :: Safdar
OS Version  :: Microsoft Windows NT 6.2.9200.0
Date Time   :: 18 Aug 16 02:41:59
Exception Information:
System.Threading.ThreadAbortException: Thread was being aborted.
   at System.Threading.Thread.AbortInternal()
   at System.Threading.Thread.Abort(Object stateInfo)
   at System.Web.HttpResponse.AbortCurrentThread()
   at System.Web.HttpResponse.End()
   at Forms_Default.Page_Load(Object sender, EventArgs e) in f:\My App\Southern Distribution\SAMS\SAMS\Forms\Default.aspx.cs:line 25
: ----------------------------------
Machine Name:: FS-DEV-SAFDAR
User Name   :: Safdar
OS Version  :: Microsoft Windows NT 6.2.9200.0
Date Time   :: 18 Aug 16 02:41:59
Exception Information:
System.NullReferenceException: Object reference not set to an instance of an object.
   at Forms_Default.Page_Load(Object sender, EventArgs e) in f:\My App\Southern Distribution\SAMS\SAMS\Forms\Default.aspx.cs:line 18
: ----------------------------------
Machine Name:: FS-DEV-SAFDAR
User Name   :: Safdar
OS Version  :: Microsoft Windows NT 6.2.9200.0
Date Time   :: 18 Aug 16 02:46:54
Exception Information:
System.Threading.ThreadAbortException: Thread was being aborted.
   at System.Threading.Thread.AbortInternal()
   at System.Threading.Thread.Abort(Object stateInfo)
   at System.Web.HttpResponse.AbortCurrentThread()
   at System.Web.HttpResponse.End()
   at Forms_Default.Page_Load(Object sender, EventArgs e) in f:\My App\Southern Distribution\SAMS\SAMS\Forms\Default.aspx.cs:line 25
: ----------------------------------
Machine Name:: FS-DEV-SAFDAR
User Name   :: Safdar
OS Version  :: Microsoft Windows NT 6.2.9200.0
Date Time   :: 18 Aug 16 02:54:04
Exception Information:
System.Threading.ThreadAbortException: Thread was being aborted.
   at System.Threading.Thread.AbortInternal()
   at System.Threading.Thread.Abort(Object stateInfo)
   at System.Web.HttpResponse.AbortCurrentThread()
   at System.Web.HttpResponse.End()
   at Forms_Default.Page_Load(Object sender, EventArgs e) in f:\My App\Southern Distribution\SAMS\SAMS\Forms\Default.aspx.cs:line 25
: ----------------------------------
Machine Name:: FS-DEV-SAFDAR
User Name   :: Safdar
OS Version  :: Microsoft Windows NT 6.2.9200.0
Date Time   :: 18 Aug 16 02:55:29
Exception Information:
System.Threading.ThreadAbortException: Thread was being aborted.
   at System.Threading.Thread.AbortInternal()
   at System.Threading.Thread.Abort(Object stateInfo)
   at System.Web.HttpResponse.AbortCurrentThread()
   at System.Web.HttpResponse.End()
   at Forms_Default.Page_Load(Object sender, EventArgs e) in f:\My App\Southern Distribution\SAMS\SAMS\Forms\Default.aspx.cs:line 25
: ----------------------------------
Machine Name:: FS-DEV-SAFDAR
User Name   :: Safdar
OS Version  :: Microsoft Windows NT 6.2.9200.0
Date Time   :: 18 Aug 16 02:55:29
Exception Information:
System.NullReferenceException: Object reference not set to an instance of an object.
   at Forms_Default.Page_Load(Object sender, EventArgs e) in f:\My App\Southern Distribution\SAMS\SAMS\Forms\Default.aspx.cs:line 18
: ----------------------------------
Machine Name:: FS-DEV-SAFDAR
User Name   :: Safdar
OS Version  :: Microsoft Windows NT 6.2.9200.0
Date Time   :: 18 Aug 16 02:55:58
Exception Information:
System.Threading.ThreadAbortException: Thread was being aborted.
   at System.Threading.Thread.AbortInternal()
   at System.Threading.Thread.Abort(Object stateInfo)
   at System.Web.HttpResponse.AbortCurrentThread()
   at System.Web.HttpResponse.End()
   at Forms_Default.Page_Load(Object sender, EventArgs e) in f:\My App\Southern Distribution\SAMS\SAMS\Forms\Default.aspx.cs:line 25
: ----------------------------------
Machine Name:: FS-DEV-SAFDAR
User Name   :: Safdar
OS Version  :: Microsoft Windows NT 6.2.9200.0
Date Time   :: 18 Aug 16 02:56:19
Exception Information:
System.Threading.ThreadAbortException: Thread was being aborted.
   at System.Threading.Thread.AbortInternal()
   at System.Threading.Thread.Abort(Object stateInfo)
   at System.Web.HttpResponse.AbortCurrentThread()
   at System.Web.HttpResponse.End()
   at Forms_Default.Page_Load(Object sender, EventArgs e) in f:\My App\Southern Distribution\SAMS\SAMS\Forms\Default.aspx.cs:line 25
: ----------------------------------
Machine Name:: FS-DEV-SAFDAR
User Name   :: Safdar
OS Version  :: Microsoft Windows NT 6.2.9200.0
Date Time   :: 18 Aug 16 02:56:19
Exception Information:
System.NullReferenceException: Object reference not set to an instance of an object.
   at Forms_Default.Page_Load(Object sender, EventArgs e) in f:\My App\Southern Distribution\SAMS\SAMS\Forms\Default.aspx.cs:line 18
: ----------------------------------