
Machine Name:: FS-DEV-SAFDAR
User Name   :: Safdar
OS Version  :: Microsoft Windows NT 6.2.9200.0
Date Time   :: 04 Aug 16 06:11:14
Exception Information:
System.Threading.ThreadAbortException: Thread was being aborted.
   at System.Threading.Thread.AbortInternal()
   at System.Threading.Thread.Abort(Object stateInfo)
   at System.Web.HttpResponse.End()
   at Forms_Default.Page_Load(Object sender, EventArgs e) in f:\My App\Southern Distribution\SAMS\SAMS\Forms\Default.aspx.cs:line 25
: ----------------------------------
Machine Name:: FS-DEV-SAFDAR
User Name   :: Safdar
OS Version  :: Microsoft Windows NT 6.2.9200.0
Date Time   :: 04 Aug 16 06:14:19
Exception Information:
System.Threading.ThreadAbortException: Thread was being aborted.
   at System.Threading.Thread.AbortInternal()
   at System.Threading.Thread.Abort(Object stateInfo)
   at System.Web.HttpResponse.End()
   at Forms_Default.Page_Load(Object sender, EventArgs e) in f:\My App\Southern Distribution\SAMS\SAMS\Forms\Default.aspx.cs:line 25
: ----------------------------------
Machine Name:: FS-DEV-SAFDAR
User Name   :: Safdar
OS Version  :: Microsoft Windows NT 6.2.9200.0
Date Time   :: 04 Aug 16 06:20:24
Exception Information:
System.Threading.ThreadAbortException: Thread was being aborted.
   at System.Threading.Thread.AbortInternal()
   at System.Threading.Thread.Abort(Object stateInfo)
   at System.Web.HttpResponse.End()
   at Forms_Default.Page_Load(Object sender, EventArgs e) in f:\My App\Southern Distribution\SAMS\SAMS\Forms\Default.aspx.cs:line 25
: ----------------------------------
Machine Name:: FS-DEV-SAFDAR
User Name   :: Safdar
OS Version  :: Microsoft Windows NT 6.2.9200.0
Date Time   :: 04 Aug 16 06:20:24
Exception Information:
System.NullReferenceException: Object reference not set to an instance of an object.
   at Forms_Default.Page_Load(Object sender, EventArgs e) in f:\My App\Southern Distribution\SAMS\SAMS\Forms\Default.aspx.cs:line 18
: ----------------------------------
Machine Name:: FS-DEV-SAFDAR
User Name   :: Safdar
OS Version  :: Microsoft Windows NT 6.2.9200.0
Date Time   :: 04 Aug 16 06:20:38
Exception Information:
System.Threading.ThreadAbortException: Thread was being aborted.
   at System.Threading.Thread.AbortInternal()
   at System.Threading.Thread.Abort(Object stateInfo)
   at System.Web.HttpResponse.End()
   at Forms_Default.Page_Load(Object sender, EventArgs e) in f:\My App\Southern Distribution\SAMS\SAMS\Forms\Default.aspx.cs:line 25
: ----------------------------------
Machine Name:: FS-DEV-SAFDAR
User Name   :: Safdar
OS Version  :: Microsoft Windows NT 6.2.9200.0
Date Time   :: 04 Aug 16 06:20:56
Exception Information:
System.Threading.ThreadAbortException: Thread was being aborted.
   at System.Threading.Thread.AbortInternal()
   at System.Threading.Thread.Abort(Object stateInfo)
   at System.Web.HttpResponse.End()
   at Forms_Default.Page_Load(Object sender, EventArgs e) in f:\My App\Southern Distribution\SAMS\SAMS\Forms\Default.aspx.cs:line 25
: ----------------------------------
Machine Name:: FS-DEV-SAFDAR
User Name   :: Safdar
OS Version  :: Microsoft Windows NT 6.2.9200.0
Date Time   :: 04 Aug 16 06:20:56
Exception Information:
System.NullReferenceException: Object reference not set to an instance of an object.
   at Forms_Default.Page_Load(Object sender, EventArgs e) in f:\My App\Southern Distribution\SAMS\SAMS\Forms\Default.aspx.cs:line 18
: ----------------------------------
Machine Name:: FS-DEV-SAFDAR
User Name   :: Safdar
OS Version  :: Microsoft Windows NT 6.2.9200.0
Date Time   :: 04 Aug 16 06:21:05
Exception Information:
System.Threading.ThreadAbortException: Thread was being aborted.
   at System.Threading.Thread.AbortInternal()
   at System.Threading.Thread.Abort(Object stateInfo)
   at System.Web.HttpResponse.End()
   at Forms_Default.Page_Load(Object sender, EventArgs e) in f:\My App\Southern Distribution\SAMS\SAMS\Forms\Default.aspx.cs:line 25
: ----------------------------------
Machine Name:: FS-DEV-SAFDAR
User Name   :: Safdar
OS Version  :: Microsoft Windows NT 6.2.9200.0
Date Time   :: 04 Aug 16 06:21:05
Exception Information:
System.NullReferenceException: Object reference not set to an instance of an object.
   at Forms_Default.Page_Load(Object sender, EventArgs e) in f:\My App\Southern Distribution\SAMS\SAMS\Forms\Default.aspx.cs:line 18
: ----------------------------------
Machine Name:: FS-DEV-SAFDAR
User Name   :: Safdar
OS Version  :: Microsoft Windows NT 6.2.9200.0
Date Time   :: 04 Aug 16 06:21:16
Exception Information:
System.Threading.ThreadAbortException: Thread was being aborted.
   at System.Threading.Thread.AbortInternal()
   at System.Threading.Thread.Abort(Object stateInfo)
   at System.Web.HttpResponse.End()
   at Forms_Default.Page_Load(Object sender, EventArgs e) in f:\My App\Southern Distribution\SAMS\SAMS\Forms\Default.aspx.cs:line 25
: ----------------------------------
Machine Name:: FS-DEV-SAFDAR
User Name   :: Safdar
OS Version  :: Microsoft Windows NT 6.2.9200.0
Date Time   :: 04 Aug 16 06:21:47
Exception Information:
System.Threading.ThreadAbortException: Thread was being aborted.
   at System.Threading.Thread.AbortInternal()
   at System.Threading.Thread.Abort(Object stateInfo)
   at System.Web.HttpResponse.End()
   at Forms_Default.Page_Load(Object sender, EventArgs e) in f:\My App\Southern Distribution\SAMS\SAMS\Forms\Default.aspx.cs:line 25
: ----------------------------------
Machine Name:: FS-DEV-SAFDAR
User Name   :: Safdar
OS Version  :: Microsoft Windows NT 6.2.9200.0
Date Time   :: 04 Aug 16 06:21:56
Exception Information:
System.Threading.ThreadAbortException: Thread was being aborted.
   at System.Threading.Thread.AbortInternal()
   at System.Threading.Thread.Abort(Object stateInfo)
   at System.Web.HttpResponse.End()
   at Forms_Default.Page_Load(Object sender, EventArgs e) in f:\My App\Southern Distribution\SAMS\SAMS\Forms\Default.aspx.cs:line 25
: ----------------------------------
Machine Name:: FS-DEV-SAFDAR
User Name   :: Safdar
OS Version  :: Microsoft Windows NT 6.2.9200.0
Date Time   :: 04 Aug 16 06:21:56
Exception Information:
System.NullReferenceException: Object reference not set to an instance of an object.
   at Forms_Default.Page_Load(Object sender, EventArgs e) in f:\My App\Southern Distribution\SAMS\SAMS\Forms\Default.aspx.cs:line 18
: ----------------------------------
Machine Name:: FS-DEV-SAFDAR
User Name   :: Safdar
OS Version  :: Microsoft Windows NT 6.2.9200.0
Date Time   :: 04 Aug 16 08:18:35
Exception Information:
System.Threading.ThreadAbortException: Thread was being aborted.
   at System.Threading.Thread.AbortInternal()
   at System.Threading.Thread.Abort(Object stateInfo)
   at System.Web.HttpResponse.End()
   at Forms_Default.Page_Load(Object sender, EventArgs e) in f:\My App\Southern Distribution\SAMS\SAMS\Forms\Default.aspx.cs:line 25
: ----------------------------------
Machine Name:: FS-DEV-SAFDAR
User Name   :: Safdar
OS Version  :: Microsoft Windows NT 6.2.9200.0
Date Time   :: 04 Aug 16 08:45:56
Exception Information:
System.Threading.ThreadAbortException: Thread was being aborted.
   at System.Threading.Thread.AbortInternal()
   at System.Threading.Thread.Abort(Object stateInfo)
   at System.Web.HttpResponse.End()
   at Forms_Default.Page_Load(Object sender, EventArgs e) in f:\My App\Southern Distribution\SAMS\SAMS\Forms\Default.aspx.cs:line 25
: ----------------------------------
Machine Name:: FS-DEV-SAFDAR
User Name   :: Safdar
OS Version  :: Microsoft Windows NT 6.2.9200.0
Date Time   :: 04 Aug 16 08:45:56
Exception Information:
System.NullReferenceException: Object reference not set to an instance of an object.
   at Forms_Default.Page_Load(Object sender, EventArgs e) in f:\My App\Southern Distribution\SAMS\SAMS\Forms\Default.aspx.cs:line 18
: ----------------------------------
Machine Name:: FS-DEV-SAFDAR
User Name   :: Safdar
OS Version  :: Microsoft Windows NT 6.2.9200.0
Date Time   :: 04 Aug 16 08:46:08
Exception Information:
System.Threading.ThreadAbortException: Thread was being aborted.
   at System.Threading.Thread.AbortInternal()
   at System.Threading.Thread.Abort(Object stateInfo)
   at System.Web.HttpResponse.End()
   at Forms_Default.Page_Load(Object sender, EventArgs e) in f:\My App\Southern Distribution\SAMS\SAMS\Forms\Default.aspx.cs:line 25
: ----------------------------------
Machine Name:: FS-DEV-SAFDAR
User Name   :: Safdar
OS Version  :: Microsoft Windows NT 6.2.9200.0
Date Time   :: 04 Aug 16 08:46:08
Exception Information:
System.NullReferenceException: Object reference not set to an instance of an object.
   at Forms_Default.Page_Load(Object sender, EventArgs e) in f:\My App\Southern Distribution\SAMS\SAMS\Forms\Default.aspx.cs:line 18
: ----------------------------------
Machine Name:: FS-DEV-SAFDAR
User Name   :: Safdar
OS Version  :: Microsoft Windows NT 6.2.9200.0
Date Time   :: 04 Aug 16 08:46:15
Exception Information:
System.Threading.ThreadAbortException: Thread was being aborted.
   at System.Threading.Thread.AbortInternal()
   at System.Threading.Thread.Abort(Object stateInfo)
   at System.Web.HttpResponse.End()
   at Forms_Default.Page_Load(Object sender, EventArgs e) in f:\My App\Southern Distribution\SAMS\SAMS\Forms\Default.aspx.cs:line 25
: ----------------------------------
Machine Name:: FS-DEV-SAFDAR
User Name   :: Safdar
OS Version  :: Microsoft Windows NT 6.2.9200.0
Date Time   :: 04 Aug 16 08:46:15
Exception Information:
System.NullReferenceException: Object reference not set to an instance of an object.
   at Forms_Default.Page_Load(Object sender, EventArgs e) in f:\My App\Southern Distribution\SAMS\SAMS\Forms\Default.aspx.cs:line 18
: ----------------------------------
Machine Name:: FS-DEV-SAFDAR
User Name   :: Safdar
OS Version  :: Microsoft Windows NT 6.2.9200.0
Date Time   :: 04 Aug 16 08:46:25
Exception Information:
System.Threading.ThreadAbortException: Thread was being aborted.
   at System.Threading.Thread.AbortInternal()
   at System.Threading.Thread.Abort(Object stateInfo)
   at System.Web.HttpResponse.End()
   at Forms_Default.Page_Load(Object sender, EventArgs e) in f:\My App\Southern Distribution\SAMS\SAMS\Forms\Default.aspx.cs:line 25
: ----------------------------------
Machine Name:: FS-DEV-SAFDAR
User Name   :: Safdar
OS Version  :: Microsoft Windows NT 6.2.9200.0
Date Time   :: 04 Aug 16 08:46:25
Exception Information:
System.NullReferenceException: Object reference not set to an instance of an object.
   at Forms_Default.Page_Load(Object sender, EventArgs e) in f:\My App\Southern Distribution\SAMS\SAMS\Forms\Default.aspx.cs:line 18
: ----------------------------------
Machine Name:: FS-DEV-SAFDAR
User Name   :: Safdar
OS Version  :: Microsoft Windows NT 6.2.9200.0
Date Time   :: 04 Aug 16 08:47:04
Exception Information:
System.Threading.ThreadAbortException: Thread was being aborted.
   at System.Threading.Thread.AbortInternal()
   at System.Threading.Thread.Abort(Object stateInfo)
   at System.Web.HttpResponse.End()
   at Forms_Default.Page_Load(Object sender, EventArgs e) in f:\My App\Southern Distribution\SAMS\SAMS\Forms\Default.aspx.cs:line 25
: ----------------------------------
Machine Name:: FS-DEV-SAFDAR
User Name   :: Safdar
OS Version  :: Microsoft Windows NT 6.2.9200.0
Date Time   :: 04 Aug 16 08:47:05
Exception Information:
System.NullReferenceException: Object reference not set to an instance of an object.
   at Forms_Default.Page_Load(Object sender, EventArgs e) in f:\My App\Southern Distribution\SAMS\SAMS\Forms\Default.aspx.cs:line 18
: ----------------------------------
Machine Name:: FS-DEV-SAFDAR
User Name   :: Safdar
OS Version  :: Microsoft Windows NT 6.2.9200.0
Date Time   :: 04 Aug 16 08:47:16
Exception Information:
System.Threading.ThreadAbortException: Thread was being aborted.
   at System.Threading.Thread.AbortInternal()
   at System.Threading.Thread.Abort(Object stateInfo)
   at System.Web.HttpResponse.End()
   at Forms_Default.Page_Load(Object sender, EventArgs e) in f:\My App\Southern Distribution\SAMS\SAMS\Forms\Default.aspx.cs:line 25
: ----------------------------------
Machine Name:: FS-DEV-SAFDAR
User Name   :: Safdar
OS Version  :: Microsoft Windows NT 6.2.9200.0
Date Time   :: 04 Aug 16 08:47:16
Exception Information:
System.NullReferenceException: Object reference not set to an instance of an object.
   at Forms_Default.Page_Load(Object sender, EventArgs e) in f:\My App\Southern Distribution\SAMS\SAMS\Forms\Default.aspx.cs:line 18
: ----------------------------------
Machine Name:: FS-DEV-SAFDAR
User Name   :: Safdar
OS Version  :: Microsoft Windows NT 6.2.9200.0
Date Time   :: 04 Aug 16 08:47:22
Exception Information:
System.Threading.ThreadAbortException: Thread was being aborted.
   at System.Threading.Thread.AbortInternal()
   at System.Threading.Thread.Abort(Object stateInfo)
   at System.Web.HttpResponse.End()
   at Forms_Default.Page_Load(Object sender, EventArgs e) in f:\My App\Southern Distribution\SAMS\SAMS\Forms\Default.aspx.cs:line 25
: ----------------------------------
Machine Name:: FS-DEV-SAFDAR
User Name   :: Safdar
OS Version  :: Microsoft Windows NT 6.2.9200.0
Date Time   :: 04 Aug 16 08:47:23
Exception Information:
System.NullReferenceException: Object reference not set to an instance of an object.
   at Forms_Default.Page_Load(Object sender, EventArgs e) in f:\My App\Southern Distribution\SAMS\SAMS\Forms\Default.aspx.cs:line 18
: ----------------------------------
Machine Name:: FS-DEV-SAFDAR
User Name   :: Safdar
OS Version  :: Microsoft Windows NT 6.2.9200.0
Date Time   :: 04 Aug 16 08:47:32
Exception Information:
System.Threading.ThreadAbortException: Thread was being aborted.
   at System.Threading.Thread.AbortInternal()
   at System.Threading.Thread.Abort(Object stateInfo)
   at System.Web.HttpResponse.End()
   at Forms_Default.Page_Load(Object sender, EventArgs e) in f:\My App\Southern Distribution\SAMS\SAMS\Forms\Default.aspx.cs:line 25
: ----------------------------------
Machine Name:: FS-DEV-SAFDAR
User Name   :: Safdar
OS Version  :: Microsoft Windows NT 6.2.9200.0
Date Time   :: 04 Aug 16 08:47:32
Exception Information:
System.NullReferenceException: Object reference not set to an instance of an object.
   at Forms_Default.Page_Load(Object sender, EventArgs e) in f:\My App\Southern Distribution\SAMS\SAMS\Forms\Default.aspx.cs:line 18
: ----------------------------------
Machine Name:: FS-DEV-SAFDAR
User Name   :: Safdar
OS Version  :: Microsoft Windows NT 6.2.9200.0
Date Time   :: 04 Aug 16 08:47:39
Exception Information:
System.Threading.ThreadAbortException: Thread was being aborted.
   at System.Threading.Thread.AbortInternal()
   at System.Threading.Thread.Abort(Object stateInfo)
   at System.Web.HttpResponse.End()
   at Forms_Default.Page_Load(Object sender, EventArgs e) in f:\My App\Southern Distribution\SAMS\SAMS\Forms\Default.aspx.cs:line 25
: ----------------------------------
Machine Name:: FS-DEV-SAFDAR
User Name   :: Safdar
OS Version  :: Microsoft Windows NT 6.2.9200.0
Date Time   :: 04 Aug 16 08:47:39
Exception Information:
System.NullReferenceException: Object reference not set to an instance of an object.
   at Forms_Default.Page_Load(Object sender, EventArgs e) in f:\My App\Southern Distribution\SAMS\SAMS\Forms\Default.aspx.cs:line 18
: ----------------------------------
Machine Name:: FS-DEV-SAFDAR
User Name   :: Safdar
OS Version  :: Microsoft Windows NT 6.2.9200.0
Date Time   :: 04 Aug 16 08:49:45
Exception Information:
System.Threading.ThreadAbortException: Thread was being aborted.
   at System.Threading.Thread.AbortInternal()
   at System.Threading.Thread.Abort(Object stateInfo)
   at System.Web.HttpResponse.End()
   at Forms_Default.Page_Load(Object sender, EventArgs e) in f:\My App\Southern Distribution\SAMS\SAMS\Forms\Default.aspx.cs:line 25
: ----------------------------------
Machine Name:: FS-DEV-SAFDAR
User Name   :: Safdar
OS Version  :: Microsoft Windows NT 6.2.9200.0
Date Time   :: 04 Aug 16 08:49:45
Exception Information:
System.NullReferenceException: Object reference not set to an instance of an object.
   at Forms_Default.Page_Load(Object sender, EventArgs e) in f:\My App\Southern Distribution\SAMS\SAMS\Forms\Default.aspx.cs:line 18
: ----------------------------------
Machine Name:: FS-DEV-SAFDAR
User Name   :: Safdar
OS Version  :: Microsoft Windows NT 6.2.9200.0
Date Time   :: 04 Aug 16 08:59:01
Exception Information:
System.Threading.ThreadAbortException: Thread was being aborted.
   at System.Threading.Thread.AbortInternal()
   at System.Threading.Thread.Abort(Object stateInfo)
   at System.Web.HttpResponse.End()
   at Forms_Default.Page_Load(Object sender, EventArgs e) in f:\My App\Southern Distribution\SAMS\SAMS\Forms\Default.aspx.cs:line 25
: ----------------------------------
Machine Name:: FS-DEV-SAFDAR
User Name   :: Safdar
OS Version  :: Microsoft Windows NT 6.2.9200.0
Date Time   :: 04 Aug 16 08:59:01
Exception Information:
System.NullReferenceException: Object reference not set to an instance of an object.
   at Forms_Default.Page_Load(Object sender, EventArgs e) in f:\My App\Southern Distribution\SAMS\SAMS\Forms\Default.aspx.cs:line 18
: ----------------------------------
Machine Name:: FS-DEV-SAFDAR
User Name   :: Safdar
OS Version  :: Microsoft Windows NT 6.2.9200.0
Date Time   :: 04 Aug 16 11:17:50
Exception Information:
System.Threading.ThreadAbortException: Thread was being aborted.
   at System.Threading.Thread.AbortInternal()
   at System.Threading.Thread.Abort(Object stateInfo)
   at System.Web.HttpResponse.End()
   at Forms_Default.Page_Load(Object sender, EventArgs e) in f:\My App\Southern Distribution\SAMS\SAMS\Forms\Default.aspx.cs:line 25
: ----------------------------------
Machine Name:: FS-DEV-SAFDAR
User Name   :: Safdar
OS Version  :: Microsoft Windows NT 6.2.9200.0
Date Time   :: 04 Aug 16 11:32:34
Exception Information:
System.Threading.ThreadAbortException: Thread was being aborted.
   at System.Threading.Thread.AbortInternal()
   at System.Threading.Thread.Abort(Object stateInfo)
   at System.Web.HttpResponse.End()
   at Forms_Default.Page_Load(Object sender, EventArgs e) in f:\My App\Southern Distribution\SAMS\SAMS\Forms\Default.aspx.cs:line 25
: ----------------------------------
Machine Name:: FS-DEV-SAFDAR
User Name   :: Safdar
OS Version  :: Microsoft Windows NT 6.2.9200.0
Date Time   :: 04 Aug 16 11:32:35
Exception Information:
System.NullReferenceException: Object reference not set to an instance of an object.
   at Forms_Default.Page_Load(Object sender, EventArgs e) in f:\My App\Southern Distribution\SAMS\SAMS\Forms\Default.aspx.cs:line 18
: ----------------------------------
Machine Name:: FS-DEV-SAFDAR
User Name   :: Safdar
OS Version  :: Microsoft Windows NT 6.2.9200.0
Date Time   :: 04 Aug 16 11:32:46
Exception Information:
System.Threading.ThreadAbortException: Thread was being aborted.
   at System.Threading.Thread.AbortInternal()
   at System.Threading.Thread.Abort(Object stateInfo)
   at System.Web.HttpResponse.End()
   at Forms_Default.Page_Load(Object sender, EventArgs e) in f:\My App\Southern Distribution\SAMS\SAMS\Forms\Default.aspx.cs:line 25
: ----------------------------------
Machine Name:: FS-DEV-SAFDAR
User Name   :: Safdar
OS Version  :: Microsoft Windows NT 6.2.9200.0
Date Time   :: 04 Aug 16 11:33:29
Exception Information:
System.Threading.ThreadAbortException: Thread was being aborted.
   at System.Threading.Thread.AbortInternal()
   at System.Threading.Thread.Abort(Object stateInfo)
   at System.Web.HttpResponse.End()
   at Forms_Default.Page_Load(Object sender, EventArgs e) in f:\My App\Southern Distribution\SAMS\SAMS\Forms\Default.aspx.cs:line 25
: ----------------------------------