
Machine Name:: FS-DEV-SAFDAR
User Name   :: Safdar
OS Version  :: Microsoft Windows NT 6.2.9200.0
Date Time   :: 18 Jun 16 04:21:42
Exception Information:
System.Threading.ThreadAbortException: Thread was being aborted.
   at System.Threading.Thread.AbortInternal()
   at System.Threading.Thread.Abort(Object stateInfo)
   at System.Web.HttpResponse.End()
   at Forms_Default.Page_Load(Object sender, EventArgs e) in f:\My App\Southern Distribution\SAMS\SAMS\Forms\Default.aspx.cs:line 25
: ----------------------------------
Machine Name:: FS-DEV-SAFDAR
User Name   :: Safdar
OS Version  :: Microsoft Windows NT 6.2.9200.0
Date Time   :: 18 Jun 16 04:21:42
Exception Information:
System.ObjectDisposedException: Cannot access a closed file.
   at System.IO.__Error.FileNotOpen()
   at System.IO.FileStream.Flush()
   at Forms_Default.Page_Unload(Object sender, EventArgs e) in f:\My App\Southern Distribution\SAMS\SAMS\Forms\Default.aspx.cs:line 95
: ----------------------------------