
Machine Name:: FS-DEV-SAFDAR
User Name   :: Safdar
OS Version  :: Microsoft Windows NT 6.2.9200.0
Date Time   :: 15 Aug 16 10:40:50
Exception Information:
System.Threading.ThreadAbortException: Thread was being aborted.
   at System.Threading.Thread.AbortInternal()
   at System.Threading.Thread.Abort(Object stateInfo)
   at System.Web.HttpResponse.AbortCurrentThread()
   at System.Web.HttpResponse.End()
   at Forms_Default.Page_Load(Object sender, EventArgs e) in f:\My App\Southern Distribution\SAMS\SAMS\Forms\Default.aspx.cs:line 25
: ----------------------------------
Machine Name:: FS-DEV-SAFDAR
User Name   :: Safdar
OS Version  :: Microsoft Windows NT 6.2.9200.0
Date Time   :: 15 Aug 16 10:40:50
Exception Information:
System.NullReferenceException: Object reference not set to an instance of an object.
   at Forms_Default.Page_Load(Object sender, EventArgs e) in f:\My App\Southern Distribution\SAMS\SAMS\Forms\Default.aspx.cs:line 18
: ----------------------------------
Machine Name:: FS-DEV-SAFDAR
User Name   :: Safdar
OS Version  :: Microsoft Windows NT 6.2.9200.0
Date Time   :: 15 Aug 16 11:04:51
Exception Information:
System.Threading.ThreadAbortException: Thread was being aborted.
   at System.Threading.Thread.AbortInternal()
   at System.Threading.Thread.Abort(Object stateInfo)
   at System.Web.HttpResponse.AbortCurrentThread()
   at System.Web.HttpResponse.End()
   at Forms_Default.Page_Load(Object sender, EventArgs e) in f:\My App\Southern Distribution\SAMS\SAMS\Forms\Default.aspx.cs:line 25
: ----------------------------------
Machine Name:: FS-DEV-SAFDAR
User Name   :: Safdar
OS Version  :: Microsoft Windows NT 6.2.9200.0
Date Time   :: 15 Aug 16 11:26:33
Exception Information:
System.Threading.ThreadAbortException: Thread was being aborted.
   at System.Threading.Thread.AbortInternal()
   at System.Threading.Thread.Abort(Object stateInfo)
   at System.Web.HttpResponse.AbortCurrentThread()
   at System.Web.HttpResponse.End()
   at Forms_Default.Page_Load(Object sender, EventArgs e) in f:\My App\Southern Distribution\SAMS\SAMS\Forms\Default.aspx.cs:line 25
: ----------------------------------
Machine Name:: FS-DEV-SAFDAR
User Name   :: Safdar
OS Version  :: Microsoft Windows NT 6.2.9200.0
Date Time   :: 15 Aug 16 11:26:33
Exception Information:
System.NullReferenceException: Object reference not set to an instance of an object.
   at Forms_Default.Page_Load(Object sender, EventArgs e) in f:\My App\Southern Distribution\SAMS\SAMS\Forms\Default.aspx.cs:line 18
: ----------------------------------
Machine Name:: FS-DEV-SAFDAR
User Name   :: Safdar
OS Version  :: Microsoft Windows NT 6.2.9200.0
Date Time   :: 15 Aug 16 11:27:10
Exception Information:
System.Threading.ThreadAbortException: Thread was being aborted.
   at System.Threading.Thread.AbortInternal()
   at System.Threading.Thread.Abort(Object stateInfo)
   at System.Web.HttpResponse.AbortCurrentThread()
   at System.Web.HttpResponse.End()
   at Forms_Default.Page_Load(Object sender, EventArgs e) in f:\My App\Southern Distribution\SAMS\SAMS\Forms\Default.aspx.cs:line 25
: ----------------------------------
Machine Name:: FS-DEV-SAFDAR
User Name   :: Safdar
OS Version  :: Microsoft Windows NT 6.2.9200.0
Date Time   :: 15 Aug 16 11:27:10
Exception Information:
System.NullReferenceException: Object reference not set to an instance of an object.
   at Forms_Default.Page_Load(Object sender, EventArgs e) in f:\My App\Southern Distribution\SAMS\SAMS\Forms\Default.aspx.cs:line 18
: ----------------------------------
Machine Name:: FS-DEV-SAFDAR
User Name   :: Safdar
OS Version  :: Microsoft Windows NT 6.2.9200.0
Date Time   :: 15 Aug 16 11:29:31
Exception Information:
System.Threading.ThreadAbortException: Thread was being aborted.
   at System.Threading.Thread.AbortInternal()
   at System.Threading.Thread.Abort(Object stateInfo)
   at System.Web.HttpResponse.AbortCurrentThread()
   at System.Web.HttpResponse.End()
   at Forms_Default.Page_Load(Object sender, EventArgs e) in f:\My App\Southern Distribution\SAMS\SAMS\Forms\Default.aspx.cs:line 25
: ----------------------------------
Machine Name:: FS-DEV-SAFDAR
User Name   :: Safdar
OS Version  :: Microsoft Windows NT 6.2.9200.0
Date Time   :: 15 Aug 16 11:29:31
Exception Information:
System.NullReferenceException: Object reference not set to an instance of an object.
   at Forms_Default.Page_Load(Object sender, EventArgs e) in f:\My App\Southern Distribution\SAMS\SAMS\Forms\Default.aspx.cs:line 18
: ----------------------------------
Machine Name:: FS-DEV-SAFDAR
User Name   :: Safdar
OS Version  :: Microsoft Windows NT 6.2.9200.0
Date Time   :: 15 Aug 16 11:29:58
Exception Information:
System.Threading.ThreadAbortException: Thread was being aborted.
   at System.Threading.Thread.AbortInternal()
   at System.Threading.Thread.Abort(Object stateInfo)
   at System.Web.HttpResponse.AbortCurrentThread()
   at System.Web.HttpResponse.End()
   at Forms_Default.Page_Load(Object sender, EventArgs e) in f:\My App\Southern Distribution\SAMS\SAMS\Forms\Default.aspx.cs:line 25
: ----------------------------------
Machine Name:: FS-DEV-SAFDAR
User Name   :: Safdar
OS Version  :: Microsoft Windows NT 6.2.9200.0
Date Time   :: 15 Aug 16 11:37:18
Exception Information:
System.Threading.ThreadAbortException: Thread was being aborted.
   at System.Threading.Thread.AbortInternal()
   at System.Threading.Thread.Abort(Object stateInfo)
   at System.Web.HttpResponse.AbortCurrentThread()
   at System.Web.HttpResponse.End()
   at Forms_Default.Page_Load(Object sender, EventArgs e) in f:\My App\Southern Distribution\SAMS\SAMS\Forms\Default.aspx.cs:line 25
: ----------------------------------
Machine Name:: FS-DEV-SAFDAR
User Name   :: Safdar
OS Version  :: Microsoft Windows NT 6.2.9200.0
Date Time   :: 15 Aug 16 11:37:18
Exception Information:
System.NullReferenceException: Object reference not set to an instance of an object.
   at Forms_Default.Page_Load(Object sender, EventArgs e) in f:\My App\Southern Distribution\SAMS\SAMS\Forms\Default.aspx.cs:line 18
: ----------------------------------
Machine Name:: FS-DEV-SAFDAR
User Name   :: Safdar
OS Version  :: Microsoft Windows NT 6.2.9200.0
Date Time   :: 15 Aug 16 11:37:33
Exception Information:
System.Threading.ThreadAbortException: Thread was being aborted.
   at System.Threading.Thread.AbortInternal()
   at System.Threading.Thread.Abort(Object stateInfo)
   at System.Web.HttpResponse.AbortCurrentThread()
   at System.Web.HttpResponse.End()
   at Forms_Default.Page_Load(Object sender, EventArgs e) in f:\My App\Southern Distribution\SAMS\SAMS\Forms\Default.aspx.cs:line 25
: ----------------------------------
Machine Name:: FS-DEV-SAFDAR
User Name   :: Safdar
OS Version  :: Microsoft Windows NT 6.2.9200.0
Date Time   :: 15 Aug 16 11:37:33
Exception Information:
System.NullReferenceException: Object reference not set to an instance of an object.
   at Forms_Default.Page_Load(Object sender, EventArgs e) in f:\My App\Southern Distribution\SAMS\SAMS\Forms\Default.aspx.cs:line 18
: ----------------------------------
Machine Name:: FS-DEV-SAFDAR
User Name   :: Safdar
OS Version  :: Microsoft Windows NT 6.2.9200.0
Date Time   :: 15 Aug 16 11:38:31
Exception Information:
System.Threading.ThreadAbortException: Thread was being aborted.
   at System.Threading.Thread.AbortInternal()
   at System.Threading.Thread.Abort(Object stateInfo)
   at System.Web.HttpResponse.AbortCurrentThread()
   at System.Web.HttpResponse.End()
   at Forms_Default.Page_Load(Object sender, EventArgs e) in f:\My App\Southern Distribution\SAMS\SAMS\Forms\Default.aspx.cs:line 25
: ----------------------------------
Machine Name:: FS-DEV-SAFDAR
User Name   :: Safdar
OS Version  :: Microsoft Windows NT 6.2.9200.0
Date Time   :: 15 Aug 16 11:38:32
Exception Information:
System.NullReferenceException: Object reference not set to an instance of an object.
   at Forms_Default.Page_Load(Object sender, EventArgs e) in f:\My App\Southern Distribution\SAMS\SAMS\Forms\Default.aspx.cs:line 18
: ----------------------------------
Machine Name:: FS-DEV-SAFDAR
User Name   :: Safdar
OS Version  :: Microsoft Windows NT 6.2.9200.0
Date Time   :: 15 Aug 16 11:38:50
Exception Information:
System.Threading.ThreadAbortException: Thread was being aborted.
   at System.Threading.Thread.AbortInternal()
   at System.Threading.Thread.Abort(Object stateInfo)
   at System.Web.HttpResponse.AbortCurrentThread()
   at System.Web.HttpResponse.End()
   at Forms_Default.Page_Load(Object sender, EventArgs e) in f:\My App\Southern Distribution\SAMS\SAMS\Forms\Default.aspx.cs:line 25
: ----------------------------------
Machine Name:: FS-DEV-SAFDAR
User Name   :: Safdar
OS Version  :: Microsoft Windows NT 6.2.9200.0
Date Time   :: 15 Aug 16 11:38:50
Exception Information:
System.NullReferenceException: Object reference not set to an instance of an object.
   at Forms_Default.Page_Load(Object sender, EventArgs e) in f:\My App\Southern Distribution\SAMS\SAMS\Forms\Default.aspx.cs:line 18
: ----------------------------------
Machine Name:: FS-DEV-SAFDAR
User Name   :: Safdar
OS Version  :: Microsoft Windows NT 6.2.9200.0
Date Time   :: 15 Aug 16 11:40:29
Exception Information:
System.Threading.ThreadAbortException: Thread was being aborted.
   at System.Threading.Thread.AbortInternal()
   at System.Threading.Thread.Abort(Object stateInfo)
   at System.Web.HttpResponse.AbortCurrentThread()
   at System.Web.HttpResponse.End()
   at Forms_Default.Page_Load(Object sender, EventArgs e) in f:\My App\Southern Distribution\SAMS\SAMS\Forms\Default.aspx.cs:line 25
: ----------------------------------